// Jest Snapshot v1, https://goo.gl/fbAQLP

exports[`PPruebas en GifItem debe de hacer match con el snapshot 1`] = `
<div>
  <div
    class="card"
  >
    <img
      alt="Title"
      src="https://one-punch.com/saiman.png"
    />
    <p>
      Title
    </p>
  </div>
</div>
`;

exports[`Pruebas en GifItem debe de hacer match con el snapshot 1`] = `
<div>
  <div
    class="card"
  >
    <img
      alt="Title"
      src="https://one-punch.com/saiman.png"
    />
    <p>
      Title
    </p>
  </div>
</div>
`;

exports[`Pruebas en GifItem() debe de hacer match con el snapshot 1`] = `
<div>
  <div
    class="card"
  >
    <img
      alt="Title"
      src="https://one-punch.com/saiman.png"
    />
    <p>
      Title
    </p>
  </div>
</div>
`;
